[     488ms] [INFO] %cDownload the React DevTools for a better development experience: https://react.dev/link/react-devtools font-weight:bold @ http://localhost:3000/_next/static/chunks/0je._next_dist_0832bv7._.js:2431
[     583ms] [LOG] [HMR] connected @ http://localhost:3000/_next/static/chunks/0je._next_dist_0832bv7._.js:2431
[  356224ms] [LOG] [Fast Refresh] rebuilding @ http://localhost:3000/_next/static/chunks/0je._next_dist_0832bv7._.js:2431
[  356290ms] [LOG] [Fast Refresh] done in 167ms @ http://localhost:3000/_next/static/chunks/0je._next_dist_0832bv7._.js:2431
[  421712ms] [LOG] [Fast Refresh] rebuilding @ http://localhost:3000/_next/static/chunks/0je._next_dist_0832bv7._.js:2431
[  422874ms] [LOG] [Fast Refresh] done in 1266ms @ http://localhost:3000/_next/static/chunks/0je._next_dist_0832bv7._.js:2431
[  426212ms] [LOG] [Fast Refresh] rebuilding @ http://localhost:3000/_next/static/chunks/0je._next_dist_0832bv7._.js:2431
[  426610ms] [LOG] [Fast Refresh] done in 501ms @ http://localhost:3000/_next/static/chunks/0je._next_dist_0832bv7._.js:2431
[  430119ms] [LOG] [Fast Refresh] rebuilding @ http://localhost:3000/_next/static/chunks/0je._next_dist_0832bv7._.js:2431
[  430413ms] [LOG] [Fast Refresh] done in 409ms @ http://localhost:3000/_next/static/chunks/0je._next_dist_0832bv7._.js:2431
[  432063ms] [LOG] [Fast Refresh] rebuilding @ http://localhost:3000/_next/static/chunks/0je._next_dist_0832bv7._.js:2431
[  432494ms] [LOG] [Fast Refresh] done in 534ms @ http://localhost:3000/_next/static/chunks/0je._next_dist_0832bv7._.js:2431
[  434281ms] [LOG] [Fast Refresh] rebuilding @ http://localhost:3000/_next/static/chunks/0je._next_dist_0832bv7._.js:2431
[  434606ms] [LOG] [Fast Refresh] done in 428ms @ http://localhost:3000/_next/static/chunks/0je._next_dist_0832bv7._.js:2431
[  450609ms] [LOG] [Fast Refresh] rebuilding @ http://localhost:3000/_next/static/chunks/0je._next_dist_0832bv7._.js:2431
[  450994ms] [LOG] [Fast Refresh] done in 499ms @ http://localhost:3000/_next/static/chunks/0je._next_dist_0832bv7._.js:2431
[  452345ms] [LOG] [Fast Refresh] rebuilding @ http://localhost:3000/_next/static/chunks/0je._next_dist_0832bv7._.js:2431
[  452660ms] [LOG] [Fast Refresh] done in 423ms @ http://localhost:3000/_next/static/chunks/0je._next_dist_0832bv7._.js:2431
[  516163ms] [LOG] [Fast Refresh] rebuilding @ http://localhost:3000/_next/static/chunks/0je._next_dist_0832bv7._.js:2431
[  516209ms] [LOG] [Fast Refresh] done in 156ms @ http://localhost:3000/_next/static/chunks/0je._next_dist_0832bv7._.js:2431
[  522570ms] [LOG] [Fast Refresh] rebuilding @ http://localhost:3000/_next/static/chunks/0je._next_dist_0832bv7._.js:2431
[  522578ms] [LOG] [Fast Refresh] done in 127ms @ http://localhost:3000/_next/static/chunks/0je._next_dist_0832bv7._.js:2431
[  702906ms] [LOG] [Fast Refresh] rebuilding @ http://localhost:3000/_next/static/chunks/0je._next_dist_0832bv7._.js:2431
[  703015ms] [LOG] [Fast Refresh] done in 212ms @ http://localhost:3000/_next/static/chunks/0je._next_dist_0832bv7._.js:2431
[  708968ms] [LOG] [Fast Refresh] rebuilding @ http://localhost:3000/_next/static/chunks/0je._next_dist_0832bv7._.js:2431
[  709184ms] [LOG] [Fast Refresh] done in 323ms @ http://localhost:3000/_next/static/chunks/0je._next_dist_0832bv7._.js:2431
[  709830ms] [LOG] [Fast Refresh] rebuilding @ http://localhost:3000/_next/static/chunks/0je._next_dist_0832bv7._.js:2431
[  710487ms] [LOG] [Fast Refresh] done in 764ms @ http://localhost:3000/_next/static/chunks/0je._next_dist_0832bv7._.js:2431
[  711308ms] [LOG] [Fast Refresh] rebuilding @ http://localhost:3000/_next/static/chunks/0je._next_dist_0832bv7._.js:2431
[  711403ms] [LOG] [Fast Refresh] done in 199ms @ http://localhost:3000/_next/static/chunks/0je._next_dist_0832bv7._.js:2431
[  712042ms] [LOG] [Fast Refresh] rebuilding @ http://localhost:3000/_next/static/chunks/0je._next_dist_0832bv7._.js:2431
[  712912ms] [LOG] [Fast Refresh] done in 981ms @ http://localhost:3000/_next/static/chunks/0je._next_dist_0832bv7._.js:2431
[  713564ms] [LOG] [Fast Refresh] rebuilding @ http://localhost:3000/_next/static/chunks/0je._next_dist_0832bv7._.js:2431
[  713588ms] [LOG] [Fast Refresh] done in 131ms @ http://localhost:3000/_next/static/chunks/0je._next_dist_0832bv7._.js:2431
[  714223ms] [LOG] [Fast Refresh] rebuilding @ http://localhost:3000/_next/static/chunks/0je._next_dist_0832bv7._.js:2431
[  714223ms] [LOG] [Fast Refresh] done in 106ms @ http://localhost:3000/_next/static/chunks/0je._next_dist_0832bv7._.js:2431
[ 1032489ms] [LOG] [Fast Refresh] rebuilding @ http://localhost:3000/_next/static/chunks/0je._next_dist_0832bv7._.js:2431
[ 1032725ms] [LOG] [Fast Refresh] done in 341ms @ http://localhost:3000/_next/static/chunks/0je._next_dist_0832bv7._.js:2431
[ 1871840ms] [LOG] [Fast Refresh] rebuilding @ http://localhost:3000/_next/static/chunks/0je._next_dist_0832bv7._.js:2431
[ 1872109ms] [LOG] [Fast Refresh] done in 375ms @ http://localhost:3000/_next/static/chunks/0je._next_dist_0832bv7._.js:2431
[ 2926764ms] [LOG] [Fast Refresh] rebuilding @ http://localhost:3000/_next/static/chunks/0je._next_dist_0832bv7._.js:2431
[ 2926771ms] [LOG] [Fast Refresh] done in 111ms @ http://localhost:3000/_next/static/chunks/0je._next_dist_0832bv7._.js:2431
[ 3452107ms] [LOG] [Fast Refresh] rebuilding @ http://localhost:3000/_next/static/chunks/0je._next_dist_0832bv7._.js:2431
[ 3452200ms] [LOG] [Fast Refresh] done in 155ms @ http://localhost:3000/_next/static/chunks/0je._next_dist_0832bv7._.js:2431
[ 3587819ms] [ERROR] WebSocket connection to 'ws://localhost:3000/_next/webpack-hmr?id=X1D2gJIS5RYMQuBpIER7d' failed: Error in connection establishment: net::ERR_CONNECTION_REFUSED @ http://localhost:3000/_next/static/chunks/0je._next_dist_client_0h0ns64._.js:13299
[ 3591190ms] [ERROR] WebSocket connection to 'ws://localhost:3000/_next/webpack-hmr?id=X1D2gJIS5RYMQuBpIER7d' failed: Error in connection establishment: net::ERR_CONNECTION_REFUSED @ http://localhost:3000/_next/static/chunks/0je._next_dist_client_0h0ns64._.js:13299
[ 3594548ms] [ERROR] WebSocket connection to 'ws://localhost:3000/_next/webpack-hmr?id=X1D2gJIS5RYMQuBpIER7d' failed: Error in connection establishment: net::ERR_CONNECTION_REFUSED @ http://localhost:3000/_next/static/chunks/0je._next_dist_client_0h0ns64._.js:13299
[ 3597921ms] [ERROR] WebSocket connection to 'ws://localhost:3000/_next/webpack-hmr?id=X1D2gJIS5RYMQuBpIER7d' failed: Error in connection establishment: net::ERR_CONNECTION_REFUSED @ http://localhost:3000/_next/static/chunks/0je._next_dist_client_0h0ns64._.js:13299
[ 3601288ms] [ERROR] WebSocket connection to 'ws://localhost:3000/_next/webpack-hmr?id=X1D2gJIS5RYMQuBpIER7d' failed: Error in connection establishment: net::ERR_CONNECTION_REFUSED @ http://localhost:3000/_next/static/chunks/0je._next_dist_client_0h0ns64._.js:13299
[ 3608672ms] [ERROR] WebSocket connection to 'ws://localhost:3000/_next/webpack-hmr?id=X1D2gJIS5RYMQuBpIER7d' failed: Error in connection establishment: net::ERR_CONNECTION_REFUSED @ http://localhost:3000/_next/static/chunks/0je._next_dist_client_0h0ns64._.js:13299
[ 3616059ms] [ERROR] WebSocket connection to 'ws://localhost:3000/_next/webpack-hmr?id=X1D2gJIS5RYMQuBpIER7d' failed: Error in connection establishment: net::ERR_CONNECTION_REFUSED @ http://localhost:3000/_next/static/chunks/0je._next_dist_client_0h0ns64._.js:13299
[ 3623438ms] [ERROR] WebSocket connection to 'ws://localhost:3000/_next/webpack-hmr?id=X1D2gJIS5RYMQuBpIER7d' failed: Error in connection establishment: net::ERR_CONNECTION_REFUSED @ http://localhost:3000/_next/static/chunks/0je._next_dist_client_0h0ns64._.js:13299
[ 3630830ms] [ERROR] WebSocket connection to 'ws://localhost:3000/_next/webpack-hmr?id=X1D2gJIS5RYMQuBpIER7d' failed: Error in connection establishment: net::ERR_CONNECTION_REFUSED @ http://localhost:3000/_next/static/chunks/0je._next_dist_client_0h0ns64._.js:13299
[ 3638206ms] [ERROR] WebSocket connection to 'ws://localhost:3000/_next/webpack-hmr?id=X1D2gJIS5RYMQuBpIER7d' failed: Error in connection establishment: net::ERR_CONNECTION_REFUSED @ http://localhost:3000/_next/static/chunks/0je._next_dist_client_0h0ns64._.js:13299
[ 3645612ms] [ERROR] WebSocket connection to 'ws://localhost:3000/_next/webpack-hmr?id=X1D2gJIS5RYMQuBpIER7d' failed: Error in connection establishment: net::ERR_CONNECTION_REFUSED @ http://localhost:3000/_next/static/chunks/0je._next_dist_client_0h0ns64._.js:13299
[ 3653085ms] [ERROR] WebSocket connection to 'ws://localhost:3000/_next/webpack-hmr?id=X1D2gJIS5RYMQuBpIER7d' failed: Error in connection establishment: net::ERR_CONNECTION_REFUSED @ http://localhost:3000/_next/static/chunks/0je._next_dist_client_0h0ns64._.js:13299
